initial_count=250 initial_roll_rad=0 initial_pitch_rad=-0
--------- Noise Params -------------
Gyroscope Covariance:
0.0001      0      0
     0 0.0001      0
     0      0 0.0001
Accelerometer Covariance:
0.010000000000000002                    0                    0
                   0 0.010000000000000002                    0
                   0                    0 0.010000000000000002
Gyroscope Bias Covariance:
1.0000000000000002e-10                      0                      0
                     0 1.0000000000000002e-10                      0
                     0                      0 1.0000000000000002e-10
Accelerometer Bias Covariance:
1e-08     0     0
    0 1e-08     0
    0     0 1e-08
Landmark Covariance:
0.010000000000000002                    0                    0
                   0 0.010000000000000002                    0
                   0                    0 0.010000000000000002
Contact Covariance:
0.0001      0      0
     0 0.0001      0
     0      0 0.0001
-----------------------------------
--------- Robot State -------------
X:
                   1                    0                    0                    0                    0  0.20000000000000001  0.20000000000000001 -0.20000000000000001 -0.20000000000000001
                   0                    1                    0                    0                    0  0.14999999999999999 -0.14999999999999999  0.14999999999999999 -0.14999999999999999
                   0                    0                    1                    0                    0 -0.29999999999999999 -0.29999999999999999 -0.29999999999999999 -0.29999999999999999
                   0                    0                    0                    1                    0                    0                    0                    0                    0
                   0                    0                    0                    0                    1                    0                    0                    0                    0
                   0                    0                    0                    0                    0                    1                    0                    0                    0
                   0                    0                    0                    0                    0                    0                    1                    0                    0
                   0                    0                    0                    0                    0                    0                    0                    1                    0
                   0                    0                    0                    0                    0                    0                    0                    0                    1

Theta:
0
0
0
0
0
0

P:
     1      0      0      0      0      0      0      0      0      0      0      0      0      0      0      0      0      0      0      0      0      0      0      0      0      0      0
     0      1      0      0      0      0      0      0      0      0      0      0      0      0      0      0      0      0      0      0      0      0      0      0      0      0      0
     0      0      1      0      0      0      0      0      0      0      0      0      0      0      0      0      0      0      0      0      0      0      0      0      0      0      0
     0      0      0      1      0      0      0      0      0      0      0      0      0      0      0      0      0      0      0      0      0      0      0      0      0      0      0
     0      0      0      0      1      0      0      0      0      0      0      0      0      0      0      0      0      0      0      0      0      0      0      0      0      0      0
     0      0      0      0      0      1      0      0      0      0      0      0      0      0      0      0      0      0      0      0      0      0      0      0      0      0      0
     0      0      0      0      0      0      1      0      0      1      0      0      1      0      0      1      0      0      1      0      0      0      0      0      0      0      0
     0      0      0      0      0      0      0      1      0      0      1      0      0      1      0      0      1      0      0      1      0      0      0      0      0      0      0
     0      0      0      0      0      0      0      0      1      0      0      1      0      0      1      0      0      1      0      0      1      0      0      0      0      0      0
     0      0      0      0      0      0      1      0      0 1.0001      0      0      1      0      0      1      0      0      1      0      0      0      0      0      0      0      0
     0      0      0      0      0      0      0      1      0      0 1.0001      0      0      1      0      0      1      0      0      1      0      0      0      0      0      0      0
     0      0      0      0      0      0      0      0      1      0      0 1.0001      0      0      1      0      0      1      0      0      1      0      0      0      0      0      0
     0      0      0      0      0      0      1      0      0      1      0      0 1.0001      0      0      1      0      0      1      0      0      0      0      0      0      0      0
     0      0      0      0      0      0      0      1      0      0      1      0      0 1.0001      0      0      1      0      0      1      0      0      0      0      0      0      0
     0      0      0      0      0      0      0      0      1      0      0      1      0      0 1.0001      0      0      1      0      0      1      0      0      0      0      0      0
     0      0      0      0      0      0      1      0      0      1      0      0      1      0      0 1.0001      0      0      1      0      0      0      0      0      0      0      0
     0      0      0      0      0      0      0      1      0      0      1      0      0      1      0      0 1.0001      0      0      1      0      0      0      0      0      0      0
     0      0      0      0      0      0      0      0      1      0      0      1      0      0      1      0      0 1.0001      0      0      1      0      0      0      0      0      0
     0      0      0      0      0      0      1      0      0      1      0      0      1      0      0      1      0      0 1.0001      0      0      0      0      0      0      0      0
     0      0      0      0      0      0      0      1      0      0      1      0      0      1      0      0      1      0      0 1.0001      0      0      0      0      0      0      0
     0      0      0      0      0      0      0      0      1      0      0      1      0      0      1      0      0      1      0      0 1.0001      0      0      0      0      0      0
     0      0      0      0      0      0      0      0      0      0      0      0      0      0      0      0      0      0      0      0      0      1      0      0      0      0      0
     0      0      0      0      0      0      0      0      0      0      0      0      0      0      0      0      0      0      0      0      0      0      1      0      0      0      0
     0      0      0      0      0      0      0      0      0      0      0      0      0      0      0      0      0      0      0      0      0      0      0      1      0      0      0
     0      0      0      0      0      0      0      0      0      0      0      0      0      0      0      0      0      0      0      0      0      0      0      0      1      0      0
     0      0      0      0      0      0      0      0      0      0      0      0      0      0      0      0      0      0      0      0      0      0      0      0      0      1      0
     0      0      0      0      0      0      0      0      0      0      0      0      0      0      0      0      0      0      0      0      0      0      0      0      0      0      1
-----------------------------------
rows=1/15001
rows=10001/15001
COMPLETED rows=15001
