initial_count=201 initial_roll_rad=0.015001277763127811 initial_pitch_rad=0.014003425621590793
--------- Noise Params -------------
Gyroscope Covariance:
0.0001      0      0
     0 0.0001      0
     0      0 0.0001
Accelerometer Covariance:
0.010000000000000002                    0                    0
                   0 0.010000000000000002                    0
                   0                    0 0.010000000000000002
Gyroscope Bias Covariance:
1.0000000000000002e-10                      0                      0
                     0 1.0000000000000002e-10                      0
                     0                      0 1.0000000000000002e-10
Accelerometer Bias Covariance:
1e-08     0     0
    0 1e-08     0
    0     0 1e-08
Landmark Covariance:
0.010000000000000002                    0                    0
                   0 0.010000000000000002                    0
                   0                    0 0.010000000000000002
Contact Covariance:
0.0001      0      0
     0 0.0001      0
     0      0 0.0001
-----------------------------------
--------- Robot State -------------
X:
   0.99990195363765366 0.00021005453323651017   0.014001392384205351                      0                      0    0.17380440687702967    0.16807739908483924   -0.20902993767679579   -0.20197119460956928
1.4848654561249953e-20    0.99988748294281471  -0.015000715125698002                      0                      0    0.13345760655223732   -0.11920364991434437     0.1313901716427496   -0.11381571953013751
 -0.014002967956951726   0.014999244360147334    0.99978944761235666                      0                      0   -0.31583477798462001   -0.32636266943331516    -0.3145301358557554    -0.3213206630839624
                     0                      0                      0                      1                      0                      0                      0                      0                      0
                     0                      0                      0                      0                      1                      0                      0                      0                      0
                     0                      0                      0                      0                      0                      1                      0                      0                      0
                     0                      0                      0                      0                      0                      0                      1                      0                      0
                     0                      0                      0                      0                      0                      0                      0                      1                      0
                     0                      0                      0                      0                      0                      0                      0                      0                      1

Theta:
0
0
0
0
0
0

P:
                      1                       0                       0                       0                       0                       0                       0                       0                       0                       0                       0                       0                       0                       0                       0                       0                       0                       0                       0                       0                       0                       0                       0                       0                       0                       0                       0
                      0                       1                       0                       0                       0                       0                       0                       0                       0                       0                       0                       0                       0                       0                       0                       0                       0                       0                       0                       0                       0                       0                       0                       0                       0                       0                       0
                      0                       0                       1                       0                       0                       0                       0                       0                       0                       0                       0                       0                       0                       0                       0                       0                       0                       0                       0                       0                       0                       0                       0                       0                       0                       0                       0
                      0                       0                       0                       1                       0                       0                       0                       0                       0                       0                       0                       0                       0                       0                       0                       0                       0                       0                       0                       0                       0                       0                       0                       0                       0                       0                       0
                      0                       0                       0                       0                       1                       0                       0                       0                       0                       0                       0                       0                       0                       0                       0                       0                       0                       0                       0                       0                       0                       0                       0                       0                       0                       0                       0
                      0                       0                       0                       0                       0                       1                       0                       0                       0                       0                       0                       0                       0                       0                       0                       0                       0                       0                       0                       0                       0                       0                       0                       0                       0                       0                       0
                      0                       0                       0                       0                       0                       0                       1                       0                       0                       1                       0                       0                       1                       0                       0                       1                       0                       0                       1                       0                       0                       0                       0                       0                       0                       0                       0
                      0                       0                       0                       0                       0                       0                       0                       1                       0                       0                       1                       0                       0                       1                       0                       0                       1                       0                       0                       1                       0                       0                       0                       0                       0                       0                       0
                      0                       0                       0                       0                       0                       0                       0                       0                       1                       0                       0                       1                       0                       0                       1                       0                       0                       1                       0                       0                       1                       0                       0                       0                       0                       0                       0
                      0                       0                       0                       0                       0                       0                       1                       0                       0                  1.0001 -1.0143782320082216e-24  4.6475930007936011e-23                       1                       0                       0                       1                       0                       0                       1                       0                       0                       0                       0                       0                       0                       0                       0
                      0                       0                       0                       0                       0                       0                       0                       1                       0 -4.2139809354103597e-24                  1.0001 -3.8942810958355037e-23                       0                       1                       0                       0                       1                       0                       0                       1                       0                       0                       0                       0                       0                       0                       0
                      0                       0                       0                       0                       0                       0                       0                       0                       1  1.3690839433371212e-22 -1.4362157194400684e-22                  1.0001                       0                       0                       1                       0                       0                       1                       0                       0                       1                       0                       0                       0                       0                       0                       0
                      0                       0                       0                       0                       0                       0                       1                       0                       0                       1                       0                       0                  1.0001 -1.0143782320082216e-24  4.6475930007936011e-23                       1                       0                       0                       1                       0                       0                       0                       0                       0                       0                       0                       0
                      0                       0                       0                       0                       0                       0                       0                       1                       0                       0                       1                       0 -4.2139809354103597e-24                  1.0001 -3.8942810958355037e-23                       0                       1                       0                       0                       1                       0                       0                       0                       0                       0                       0                       0
                      0                       0                       0                       0                       0                       0                       0                       0                       1                       0                       0                       1  1.3690839433371212e-22 -1.4362157194400684e-22                  1.0001                       0                       0                       1                       0                       0                       1                       0                       0                       0                       0                       0                       0
                      0                       0                       0                       0                       0                       0                       1                       0                       0                       1                       0                       0                       1                       0                       0                  1.0001 -1.0143782320082216e-24  4.6475930007936011e-23                       1                       0                       0                       0                       0                       0                       0                       0                       0
                      0                       0                       0                       0                       0                       0                       0                       1                       0                       0                       1                       0                       0                       1                       0 -4.2139809354103597e-24                  1.0001 -3.8942810958355037e-23                       0                       1                       0                       0                       0                       0                       0                       0                       0
                      0                       0                       0                       0                       0                       0                       0                       0                       1                       0                       0                       1                       0                       0                       1  1.3690839433371212e-22 -1.4362157194400684e-22                  1.0001                       0                       0                       1                       0                       0                       0                       0                       0                       0
                      0                       0                       0                       0                       0                       0                       1                       0                       0                       1                       0                       0                       1                       0                       0                       1                       0                       0                  1.0001 -1.0143782320082216e-24  4.6475930007936011e-23                       0                       0                       0                       0                       0                       0
                      0                       0                       0                       0                       0                       0                       0                       1                       0                       0                       1                       0                       0                       1                       0                       0                       1                       0 -4.2139809354103597e-24                  1.0001 -3.8942810958355037e-23                       0                       0                       0                       0                       0                       0
                      0                       0                       0                       0                       0                       0                       0                       0                       1                       0                       0                       1                       0                       0                       1                       0                       0                       1  1.3690839433371212e-22 -1.4362157194400684e-22                  1.0001                       0                       0                       0                       0                       0                       0
                      0                       0                       0                       0                       0                       0                       0                       0                       0                       0                       0                       0                       0                       0                       0                       0                       0                       0                       0                       0                       0                       1                       0                       0                       0                       0                       0
                      0                       0                       0                       0                       0                       0                       0                       0                       0                       0                       0                       0                       0                       0                       0                       0                       0                       0                       0                       0                       0                       0                       1                       0                       0                       0                       0
                      0                       0                       0                       0                       0                       0                       0                       0                       0                       0                       0                       0                       0                       0                       0                       0                       0                       0                       0                       0                       0                       0                       0                       1                       0                       0                       0
                      0                       0                       0                       0                       0                       0                       0                       0                       0                       0                       0                       0                       0                       0                       0                       0                       0                       0                       0                       0                       0                       0                       0                       0                       1                       0                       0
                      0                       0                       0                       0                       0                       0                       0                       0                       0                       0                       0                       0                       0                       0                       0                       0                       0                       0                       0                       0                       0                       0                       0                       0                       0                       1                       0
                      0                       0                       0                       0                       0                       0                       0                       0                       0                       0                       0                       0                       0                       0                       0                       0                       0                       0                       0                       0                       0                       0                       0                       0                       0                       0                       1
-----------------------------------
rows=1/63277
rows=10001/63277
rows=20001/63277
rows=30001/63277
rows=40001/63277
rows=50001/63277
rows=60001/63277
COMPLETED rows=63277
