initial_count=189 initial_roll_rad=0.025877580607881465 initial_pitch_rad=-0.010388253836629401
--------- Noise Params -------------
Gyroscope Covariance:
3.9999999999999998e-06                      0                      0
                     0 3.9999999999999998e-06                      0
                     0                      0 3.9999999999999998e-06
Accelerometer Covariance:
0.0016000000000000001                     0                     0
                    0 0.0016000000000000001                     0
                    0                     0 0.0016000000000000001
Gyroscope Bias Covariance:
9.9999999999999995e-07                      0                      0
                     0 9.9999999999999995e-07                      0
                     0                      0 9.9999999999999995e-07
Accelerometer Bias Covariance:
9.9999999999999995e-07                      0                      0
                     0 9.9999999999999995e-07                      0
                     0                      0 9.9999999999999995e-07
Landmark Covariance:
0.010000000000000002                    0                    0
                   0 0.010000000000000002                    0
                   0                    0 0.010000000000000002
Contact Covariance:
0.0025000000000000005                     0                     0
                    0 0.0025000000000000005                     0
                    0                     0 0.0025000000000000005
-----------------------------------
--------- Robot State -------------
X:
    0.99994604257635378 -0.00026878803972634559   -0.010384589008649286                       0                       0     0.14626216839609227    -0.21796047850655698
-2.5318145742571383e-21     0.99966519409510846   -0.025874692554484668                       0                       0     0.12614797538039957    -0.14958565572448385
   0.010388066994819561    0.025873296422736791      0.9996112547367263                       0                       0    -0.29706358968991065    -0.30737410151986583
                      0                       0                       0                       1                       0                       0                       0
                      0                       0                       0                       0                       1                       0                       0
                      0                       0                       0                       0                       0                       1                       0
                      0                       0                       0                       0                       0                       0                       1

Theta:
0
0
0
0
0
0

P:
   0.27415567780803768                      0                      0                      0                      0                      0                      0                      0                      0                      0                      0                      0                      0                      0                      0                      0                      0                      0                      0                      0                      0
                     0    0.27415567780803768                      0                      0                      0                      0                      0                      0                      0                      0                      0                      0                      0                      0                      0                      0                      0                      0                      0                      0                      0
                     0                      0    0.27415567780803768                      0                      0                      0                      0                      0                      0                      0                      0                      0                      0                      0                      0                      0                      0                      0                      0                      0                      0
                     0                      0                      0                      1                      0                      0                      0                      0                      0                      0                      0                      0                      0                      0                      0                      0                      0                      0                      0                      0                      0
                     0                      0                      0                      0                      1                      0                      0                      0                      0                      0                      0                      0                      0                      0                      0                      0                      0                      0                      0                      0                      0
                     0                      0                      0                      0                      0                      1                      0                      0                      0                      0                      0                      0                      0                      0                      0                      0                      0                      0                      0                      0                      0
                     0                      0                      0                      0                      0                      0   0.010000000000000002                      0                      0                      0                      0                      0                      0                      0                      0                      0                      0                      0                      0                      0                      0
                     0                      0                      0                      0                      0                      0                      0   0.010000000000000002                      0                      0                      0                      0                      0                      0                      0                      0                      0                      0                      0                      0                      0
                     0                      0                      0                      0                      0                      0                      0                      0   0.010000000000000002                      0                      0                      0                      0                      0                      0                      0                      0                      0                      0                      0                      0
                     0                      0                      0                      0                      0                      0                      0                      0                      0   0.010000000000000002                      0                      0                      0                      0                      0                      0                      0                      0                      0                      0                      0
                     0                      0                      0                      0                      0                      0                      0                      0                      0                      0   0.010000000000000002                      0                      0                      0                      0                      0                      0                      0                      0                      0                      0
                     0                      0                      0                      0                      0                      0                      0                      0                      0                      0                      0   0.010000000000000002                      0                      0                      0                      0                      0                      0                      0                      0                      0
                     0                      0                      0                      0                      0                      0                      0                      0                      0                      0                      0                      0   0.010000000000000002                      0                      0                      0                      0                      0                      0                      0                      0
                     0                      0                      0                      0                      0                      0                      0                      0                      0                      0                      0                      0                      0   0.010000000000000002                      0                      0                      0                      0                      0                      0                      0
                     0                      0                      0                      0                      0                      0                      0                      0                      0                      0                      0                      0                      0                      0   0.010000000000000002                      0                      0                      0                      0                      0                      0
                     0                      0                      0                      0                      0                      0                      0                      0                      0                      0                      0                      0                      0                      0                      0 2.5000000000000001e-05                      0                      0                      0                      0                      0
                     0                      0                      0                      0                      0                      0                      0                      0                      0                      0                      0                      0                      0                      0                      0                      0 2.5000000000000001e-05                      0                      0                      0                      0
                     0                      0                      0                      0                      0                      0                      0                      0                      0                      0                      0                      0                      0                      0                      0                      0                      0 2.5000000000000001e-05                      0                      0                      0
                     0                      0                      0                      0                      0                      0                      0                      0                      0                      0                      0                      0                      0                      0                      0                      0                      0                      0  0.0025000000000000005                      0                      0
                     0                      0                      0                      0                      0                      0                      0                      0                      0                      0                      0                      0                      0                      0                      0                      0                      0                      0                      0  0.0025000000000000005                      0
                     0                      0                      0                      0                      0                      0                      0                      0                      0                      0                      0                      0                      0                      0                      0                      0                      0                      0                      0                      0  0.0025000000000000005
-----------------------------------
rows=1/60541
rows=10001/60541
rows=20001/60541
rows=30001/60541
rows=40001/60541
rows=50001/60541
rows=60001/60541
COMPLETED rows=60541
