initial_count=163 initial_roll_rad=0.045614283665679552 initial_pitch_rad=-0.041101566648270471
--------- Noise Params -------------
Gyroscope Covariance:
0.0001      0      0
     0 0.0001      0
     0      0 0.0001
Accelerometer Covariance:
0.010000000000000002                    0                    0
                   0 0.010000000000000002                    0
                   0                    0 0.010000000000000002
Gyroscope Bias Covariance:
1.0000000000000002e-10                      0                      0
                     0 1.0000000000000002e-10                      0
                     0                      0 1.0000000000000002e-10
Accelerometer Bias Covariance:
1e-08     0     0
    0 1e-08     0
    0     0 1e-08
Landmark Covariance:
0.010000000000000002                    0                    0
                   0 0.010000000000000002                    0
                   0                    0 0.010000000000000002
Contact Covariance:
0.0001      0      0
     0 0.0001      0
     0      0 0.0001
-----------------------------------
--------- Robot State -------------
X:
    0.99915544951389623  -0.0018736408039471677   -0.041047255411558195                       0                       0     0.18428352052067792     0.19303159878215573     -0.1847016637644002    -0.19212850211775986
-5.8696377164719292e-20      0.9989598489319067   -0.045598467320099631                       0                       0     0.14338191391667457    -0.11831350655402693     0.13100552293098794    -0.10371915901903003
   0.041089995213967952     0.04555995711235885     0.99811617690589316                       0                       0    -0.31663832929263586    -0.32808628860931893    -0.30959585548209573    -0.31909801941346971
                      0                       0                       0                       1                       0                       0                       0                       0                       0
                      0                       0                       0                       0                       1                       0                       0                       0                       0
                      0                       0                       0                       0                       0                       1                       0                       0                       0
                      0                       0                       0                       0                       0                       0                       1                       0                       0
                      0                       0                       0                       0                       0                       0                       0                       1                       0
                      0                       0                       0                       0                       0                       0                       0                       0                       1

Theta:
0
0
0
0
0
0

P:
                      1                       0                       0                       0                       0                       0                       0                       0                       0                       0                       0                       0                       0                       0                       0                       0                       0                       0                       0                       0                       0                       0                       0                       0                       0                       0                       0
                      0                       1                       0                       0                       0                       0                       0                       0                       0                       0                       0                       0                       0                       0                       0                       0                       0                       0                       0                       0                       0                       0                       0                       0                       0                       0                       0
                      0                       0                       1                       0                       0                       0                       0                       0                       0                       0                       0                       0                       0                       0                       0                       0                       0                       0                       0                       0                       0                       0                       0                       0                       0                       0                       0
                      0                       0                       0                       1                       0                       0                       0                       0                       0                       0                       0                       0                       0                       0                       0                       0                       0                       0                       0                       0                       0                       0                       0                       0                       0                       0                       0
                      0                       0                       0                       0                       1                       0                       0                       0                       0                       0                       0                       0                       0                       0                       0                       0                       0                       0                       0                       0                       0                       0                       0                       0                       0                       0                       0
                      0                       0                       0                       0                       0                       1                       0                       0                       0                       0                       0                       0                       0                       0                       0                       0                       0                       0                       0                       0                       0                       0                       0                       0                       0                       0                       0
                      0                       0                       0                       0                       0                       0                       1                       0                       0                       1                       0                       0                       1                       0                       0                       1                       0                       0                       1                       0                       0                       0                       0                       0                       0                       0                       0
                      0                       0                       0                       0                       0                       0                       0                       1                       0                       0                       1                       0                       0                       1                       0                       0                       1                       0                       0                       1                       0                       0                       0                       0                       0                       0                       0
                      0                       0                       0                       0                       0                       0                       0                       0                       1                       0                       0                       1                       0                       0                       1                       0                       0                       1                       0                       0                       1                       0                       0                       0                       0                       0                       0
                      0                       0                       0                       0                       0                       0                       1                       0                       0                  1.0001  7.7592755875646658e-24  1.6504422585242753e-22                       1                       0                       0                       1                       0                       0                       1                       0                       0                       0                       0                       0                       0                       0                       0
                      0                       0                       0                       0                       0                       0                       0                       1                       0  2.0009144442964174e-23                  1.0001 -7.0753157747635197e-22                       0                       1                       0                       0                       1                       0                       0                       1                       0                       0                       0                       0                       0                       0                       0
                      0                       0                       0                       0                       0                       0                       0                       0                       1  -1.415518979333983e-22 -7.5025114651417642e-22                  1.0001                       0                       0                       1                       0                       0                       1                       0                       0                       1                       0                       0                       0                       0                       0                       0
                      0                       0                       0                       0                       0                       0                       1                       0                       0                       1                       0                       0                  1.0001  7.7592755875646658e-24  1.6504422585242753e-22                       1                       0                       0                       1                       0                       0                       0                       0                       0                       0                       0                       0
                      0                       0                       0                       0                       0                       0                       0                       1                       0                       0                       1                       0  2.0009144442964174e-23                  1.0001 -7.0753157747635197e-22                       0                       1                       0                       0                       1                       0                       0                       0                       0                       0                       0                       0
                      0                       0                       0                       0                       0                       0                       0                       0                       1                       0                       0                       1  -1.415518979333983e-22 -7.5025114651417642e-22                  1.0001                       0                       0                       1                       0                       0                       1                       0                       0                       0                       0                       0                       0
                      0                       0                       0                       0                       0                       0                       1                       0                       0                       1                       0                       0                       1                       0                       0                  1.0001  7.7592755875646658e-24  1.6504422585242753e-22                       1                       0                       0                       0                       0                       0                       0                       0                       0
                      0                       0                       0                       0                       0                       0                       0                       1                       0                       0                       1                       0                       0                       1                       0  2.0009144442964174e-23                  1.0001 -7.0753157747635197e-22                       0                       1                       0                       0                       0                       0                       0                       0                       0
                      0                       0                       0                       0                       0                       0                       0                       0                       1                       0                       0                       1                       0                       0                       1  -1.415518979333983e-22 -7.5025114651417642e-22                  1.0001                       0                       0                       1                       0                       0                       0                       0                       0                       0
                      0                       0                       0                       0                       0                       0                       1                       0                       0                       1                       0                       0                       1                       0                       0                       1                       0                       0                  1.0001  7.7592755875646658e-24  1.6504422585242753e-22                       0                       0                       0                       0                       0                       0
                      0                       0                       0                       0                       0                       0                       0                       1                       0                       0                       1                       0                       0                       1                       0                       0                       1                       0  2.0009144442964174e-23                  1.0001 -7.0753157747635197e-22                       0                       0                       0                       0                       0                       0
                      0                       0                       0                       0                       0                       0                       0                       0                       1                       0                       0                       1                       0                       0                       1                       0                       0                       1  -1.415518979333983e-22 -7.5025114651417642e-22                  1.0001                       0                       0                       0                       0                       0                       0
                      0                       0                       0                       0                       0                       0                       0                       0                       0                       0                       0                       0                       0                       0                       0                       0                       0                       0                       0                       0                       0                       1                       0                       0                       0                       0                       0
                      0                       0                       0                       0                       0                       0                       0                       0                       0                       0                       0                       0                       0                       0                       0                       0                       0                       0                       0                       0                       0                       0                       1                       0                       0                       0                       0
                      0                       0                       0                       0                       0                       0                       0                       0                       0                       0                       0                       0                       0                       0                       0                       0                       0                       0                       0                       0                       0                       0                       0                       1                       0                       0                       0
                      0                       0                       0                       0                       0                       0                       0                       0                       0                       0                       0                       0                       0                       0                       0                       0                       0                       0                       0                       0                       0                       0                       0                       0                       1                       0                       0
                      0                       0                       0                       0                       0                       0                       0                       0                       0                       0                       0                       0                       0                       0                       0                       0                       0                       0                       0                       0                       0                       0                       0                       0                       0                       1                       0
                      0                       0                       0                       0                       0                       0                       0                       0                       0                       0                       0                       0                       0                       0                       0                       0                       0                       0                       0                       0                       0                       0                       0                       0                       0                       0                       1
-----------------------------------
rows=1/95859
rows=10001/95859
rows=20001/95859
rows=30001/95859
rows=40001/95859
rows=50001/95859
rows=60001/95859
rows=70001/95859
rows=80001/95859
rows=90001/95859
COMPLETED rows=95859
