initial_count=163 initial_roll_rad=0.045614283665679552 initial_pitch_rad=-0.041101566648270471
--------- Noise Params -------------
Gyroscope Covariance:
3.9999999999999998e-06                      0                      0
                     0 3.9999999999999998e-06                      0
                     0                      0 3.9999999999999998e-06
Accelerometer Covariance:
0.0016000000000000001                     0                     0
                    0 0.0016000000000000001                     0
                    0                     0 0.0016000000000000001
Gyroscope Bias Covariance:
9.9999999999999995e-07                      0                      0
                     0 9.9999999999999995e-07                      0
                     0                      0 9.9999999999999995e-07
Accelerometer Bias Covariance:
9.9999999999999995e-07                      0                      0
                     0 9.9999999999999995e-07                      0
                     0                      0 9.9999999999999995e-07
Landmark Covariance:
0.010000000000000002                    0                    0
                   0 0.010000000000000002                    0
                   0                    0 0.010000000000000002
Contact Covariance:
0.0025000000000000005                     0                     0
                    0 0.0025000000000000005                     0
                    0                     0 0.0025000000000000005
-----------------------------------
--------- Robot State -------------
X:
    0.99915544951389623  -0.0018736408039471677   -0.041047255411558195                       0                       0     0.18428352052067792     0.19303159878215573     -0.1847016637644002    -0.19212850211775986
-5.8696377164719292e-20      0.9989598489319067   -0.045598467320099631                       0                       0     0.14338191391667457    -0.11831350655402693     0.13100552293098794    -0.10371915901903003
   0.041089995213967952     0.04555995711235885     0.99811617690589316                       0                       0    -0.31663832929263586    -0.32808628860931893    -0.30959585548209573    -0.31909801941346971
                      0                       0                       0                       1                       0                       0                       0                       0                       0
                      0                       0                       0                       0                       1                       0                       0                       0                       0
                      0                       0                       0                       0                       0                       1                       0                       0                       0
                      0                       0                       0                       0                       0                       0                       1                       0                       0
                      0                       0                       0                       0                       0                       0                       0                       1                       0
                      0                       0                       0                       0                       0                       0                       0                       0                       1

Theta:
0
0
0
0
0
0

P:
   0.27415567780803768                      0                      0                      0                      0                      0                      0                      0                      0                      0                      0                      0                      0                      0                      0                      0                      0                      0                      0                      0                      0                      0                      0                      0                      0                      0                      0
                     0    0.27415567780803768                      0                      0                      0                      0                      0                      0                      0                      0                      0                      0                      0                      0                      0                      0                      0                      0                      0                      0                      0                      0                      0                      0                      0                      0                      0
                     0                      0    0.27415567780803768                      0                      0                      0                      0                      0                      0                      0                      0                      0                      0                      0                      0                      0                      0                      0                      0                      0                      0                      0                      0                      0                      0                      0                      0
                     0                      0                      0                      1                      0                      0                      0                      0                      0                      0                      0                      0                      0                      0                      0                      0                      0                      0                      0                      0                      0                      0                      0                      0                      0                      0                      0
                     0                      0                      0                      0                      1                      0                      0                      0                      0                      0                      0                      0                      0                      0                      0                      0                      0                      0                      0                      0                      0                      0                      0                      0                      0                      0                      0
                     0                      0                      0                      0                      0                      1                      0                      0                      0                      0                      0                      0                      0                      0                      0                      0                      0                      0                      0                      0                      0                      0                      0                      0                      0                      0                      0
                     0                      0                      0                      0                      0                      0   0.010000000000000002                      0                      0                      0                      0                      0                      0                      0                      0                      0                      0                      0                      0                      0                      0                      0                      0                      0                      0                      0                      0
                     0                      0                      0                      0                      0                      0                      0   0.010000000000000002                      0                      0                      0                      0                      0                      0                      0                      0                      0                      0                      0                      0                      0                      0                      0                      0                      0                      0                      0
                     0                      0                      0                      0                      0                      0                      0                      0   0.010000000000000002                      0                      0                      0                      0                      0                      0                      0                      0                      0                      0                      0                      0                      0                      0                      0                      0                      0                      0
                     0                      0                      0                      0                      0                      0                      0                      0                      0   0.010000000000000002                      0                      0                      0                      0                      0                      0                      0                      0                      0                      0                      0                      0                      0                      0                      0                      0                      0
                     0                      0                      0                      0                      0                      0                      0                      0                      0                      0   0.010000000000000002                      0                      0                      0                      0                      0                      0                      0                      0                      0                      0                      0                      0                      0                      0                      0                      0
                     0                      0                      0                      0                      0                      0                      0                      0                      0                      0                      0   0.010000000000000002                      0                      0                      0                      0                      0                      0                      0                      0                      0                      0                      0                      0                      0                      0                      0
                     0                      0                      0                      0                      0                      0                      0                      0                      0                      0                      0                      0   0.010000000000000002                      0                      0                      0                      0                      0                      0                      0                      0                      0                      0                      0                      0                      0                      0
                     0                      0                      0                      0                      0                      0                      0                      0                      0                      0                      0                      0                      0   0.010000000000000002                      0                      0                      0                      0                      0                      0                      0                      0                      0                      0                      0                      0                      0
                     0                      0                      0                      0                      0                      0                      0                      0                      0                      0                      0                      0                      0                      0   0.010000000000000002                      0                      0                      0                      0                      0                      0                      0                      0                      0                      0                      0                      0
                     0                      0                      0                      0                      0                      0                      0                      0                      0                      0                      0                      0                      0                      0                      0   0.010000000000000002                      0                      0                      0                      0                      0                      0                      0                      0                      0                      0                      0
                     0                      0                      0                      0                      0                      0                      0                      0                      0                      0                      0                      0                      0                      0                      0                      0   0.010000000000000002                      0                      0                      0                      0                      0                      0                      0                      0                      0                      0
                     0                      0                      0                      0                      0                      0                      0                      0                      0                      0                      0                      0                      0                      0                      0                      0                      0   0.010000000000000002                      0                      0                      0                      0                      0                      0                      0                      0                      0
                     0                      0                      0                      0                      0                      0                      0                      0                      0                      0                      0                      0                      0                      0                      0                      0                      0                      0   0.010000000000000002                      0                      0                      0                      0                      0                      0                      0                      0
                     0                      0                      0                      0                      0                      0                      0                      0                      0                      0                      0                      0                      0                      0                      0                      0                      0                      0                      0   0.010000000000000002                      0                      0                      0                      0                      0                      0                      0
                     0                      0                      0                      0                      0                      0                      0                      0                      0                      0                      0                      0                      0                      0                      0                      0                      0                      0                      0                      0   0.010000000000000002                      0                      0                      0                      0                      0                      0
                     0                      0                      0                      0                      0                      0                      0                      0                      0                      0                      0                      0                      0                      0                      0                      0                      0                      0                      0                      0                      0 2.5000000000000001e-05                      0                      0                      0                      0                      0
                     0                      0                      0                      0                      0                      0                      0                      0                      0                      0                      0                      0                      0                      0                      0                      0                      0                      0                      0                      0                      0                      0 2.5000000000000001e-05                      0                      0                      0                      0
                     0                      0                      0                      0                      0                      0                      0                      0                      0                      0                      0                      0                      0                      0                      0                      0                      0                      0                      0                      0                      0                      0                      0 2.5000000000000001e-05                      0                      0                      0
                     0                      0                      0                      0                      0                      0                      0                      0                      0                      0                      0                      0                      0                      0                      0                      0                      0                      0                      0                      0                      0                      0                      0                      0  0.0025000000000000005                      0                      0
                     0                      0                      0                      0                      0                      0                      0                      0                      0                      0                      0                      0                      0                      0                      0                      0                      0                      0                      0                      0                      0                      0                      0                      0                      0  0.0025000000000000005                      0
                     0                      0                      0                      0                      0                      0                      0                      0                      0                      0                      0                      0                      0                      0                      0                      0                      0                      0                      0                      0                      0                      0                      0                      0                      0                      0  0.0025000000000000005
-----------------------------------
rows=1/95859
rows=10001/95859
rows=20001/95859
rows=30001/95859
rows=40001/95859
rows=50001/95859
rows=60001/95859
rows=70001/95859
rows=80001/95859
rows=90001/95859
COMPLETED rows=95859
