initial_count=250 initial_roll_rad=0 initial_pitch_rad=-0
--------- Noise Params -------------
Gyroscope Covariance:
3.9999999999999998e-06                      0                      0
                     0 3.9999999999999998e-06                      0
                     0                      0 3.9999999999999998e-06
Accelerometer Covariance:
0.0016000000000000001                     0                     0
                    0 0.0016000000000000001                     0
                    0                     0 0.0016000000000000001
Gyroscope Bias Covariance:
9.9999999999999995e-07                      0                      0
                     0 9.9999999999999995e-07                      0
                     0                      0 9.9999999999999995e-07
Accelerometer Bias Covariance:
9.9999999999999995e-07                      0                      0
                     0 9.9999999999999995e-07                      0
                     0                      0 9.9999999999999995e-07
Landmark Covariance:
0.010000000000000002                    0                    0
                   0 0.010000000000000002                    0
                   0                    0 0.010000000000000002
Contact Covariance:
0.0025000000000000005                     0                     0
                    0 0.0025000000000000005                     0
                    0                     0 0.0025000000000000005
-----------------------------------
--------- Robot State -------------
X:
                   1                    0                    0                    0                    0  0.20000000000000001  0.20000000000000001 -0.20000000000000001 -0.20000000000000001
                   0                    1                    0                    0                    0  0.14999999999999999 -0.14999999999999999  0.14999999999999999 -0.14999999999999999
                   0                    0                    1                    0                    0 -0.29999999999999999 -0.29999999999999999 -0.29999999999999999 -0.29999999999999999
                   0                    0                    0                    1                    0                    0                    0                    0                    0
                   0                    0                    0                    0                    1                    0                    0                    0                    0
                   0                    0                    0                    0                    0                    1                    0                    0                    0
                   0                    0                    0                    0                    0                    0                    1                    0                    0
                   0                    0                    0                    0                    0                    0                    0                    1                    0
                   0                    0                    0                    0                    0                    0                    0                    0                    1

Theta:
0
0
0
0
0
0

P:
   0.27415567780803768                      0                      0                      0                      0                      0                      0                      0                      0                      0                      0                      0                      0                      0                      0                      0                      0                      0                      0                      0                      0                      0                      0                      0                      0                      0                      0
                     0    0.27415567780803768                      0                      0                      0                      0                      0                      0                      0                      0                      0                      0                      0                      0                      0                      0                      0                      0                      0                      0                      0                      0                      0                      0                      0                      0                      0
                     0                      0    0.27415567780803768                      0                      0                      0                      0                      0                      0                      0                      0                      0                      0                      0                      0                      0                      0                      0                      0                      0                      0                      0                      0                      0                      0                      0                      0
                     0                      0                      0                      1                      0                      0                      0                      0                      0                      0                      0                      0                      0                      0                      0                      0                      0                      0                      0                      0                      0                      0                      0                      0                      0                      0                      0
                     0                      0                      0                      0                      1                      0                      0                      0                      0                      0                      0                      0                      0                      0                      0                      0                      0                      0                      0                      0                      0                      0                      0                      0                      0                      0                      0
                     0                      0                      0                      0                      0                      1                      0                      0                      0                      0                      0                      0                      0                      0                      0                      0                      0                      0                      0                      0                      0                      0                      0                      0                      0                      0                      0
                     0                      0                      0                      0                      0                      0   0.010000000000000002                      0                      0                      0                      0                      0                      0                      0                      0                      0                      0                      0                      0                      0                      0                      0                      0                      0                      0                      0                      0
                     0                      0                      0                      0                      0                      0                      0   0.010000000000000002                      0                      0                      0                      0                      0                      0                      0                      0                      0                      0                      0                      0                      0                      0                      0                      0                      0                      0                      0
                     0                      0                      0                      0                      0                      0                      0                      0   0.010000000000000002                      0                      0                      0                      0                      0                      0                      0                      0                      0                      0                      0                      0                      0                      0                      0                      0                      0                      0
                     0                      0                      0                      0                      0                      0                      0                      0                      0   0.010000000000000002                      0                      0                      0                      0                      0                      0                      0                      0                      0                      0                      0                      0                      0                      0                      0                      0                      0
                     0                      0                      0                      0                      0                      0                      0                      0                      0                      0   0.010000000000000002                      0                      0                      0                      0                      0                      0                      0                      0                      0                      0                      0                      0                      0                      0                      0                      0
                     0                      0                      0                      0                      0                      0                      0                      0                      0                      0                      0   0.010000000000000002                      0                      0                      0                      0                      0                      0                      0                      0                      0                      0                      0                      0                      0                      0                      0
                     0                      0                      0                      0                      0                      0                      0                      0                      0                      0                      0                      0   0.010000000000000002                      0                      0                      0                      0                      0                      0                      0                      0                      0                      0                      0                      0                      0                      0
                     0                      0                      0                      0                      0                      0                      0                      0                      0                      0                      0                      0                      0   0.010000000000000002                      0                      0                      0                      0                      0                      0                      0                      0                      0                      0                      0                      0                      0
                     0                      0                      0                      0                      0                      0                      0                      0                      0                      0                      0                      0                      0                      0   0.010000000000000002                      0                      0                      0                      0                      0                      0                      0                      0                      0                      0                      0                      0
                     0                      0                      0                      0                      0                      0                      0                      0                      0                      0                      0                      0                      0                      0                      0   0.010000000000000002                      0                      0                      0                      0                      0                      0                      0                      0                      0                      0                      0
                     0                      0                      0                      0                      0                      0                      0                      0                      0                      0                      0                      0                      0                      0                      0                      0   0.010000000000000002                      0                      0                      0                      0                      0                      0                      0                      0                      0                      0
                     0                      0                      0                      0                      0                      0                      0                      0                      0                      0                      0                      0                      0                      0                      0                      0                      0   0.010000000000000002                      0                      0                      0                      0                      0                      0                      0                      0                      0
                     0                      0                      0                      0                      0                      0                      0                      0                      0                      0                      0                      0                      0                      0                      0                      0                      0                      0   0.010000000000000002                      0                      0                      0                      0                      0                      0                      0                      0
                     0                      0                      0                      0                      0                      0                      0                      0                      0                      0                      0                      0                      0                      0                      0                      0                      0                      0                      0   0.010000000000000002                      0                      0                      0                      0                      0                      0                      0
                     0                      0                      0                      0                      0                      0                      0                      0                      0                      0                      0                      0                      0                      0                      0                      0                      0                      0                      0                      0   0.010000000000000002                      0                      0                      0                      0                      0                      0
                     0                      0                      0                      0                      0                      0                      0                      0                      0                      0                      0                      0                      0                      0                      0                      0                      0                      0                      0                      0                      0 2.5000000000000001e-05                      0                      0                      0                      0                      0
                     0                      0                      0                      0                      0                      0                      0                      0                      0                      0                      0                      0                      0                      0                      0                      0                      0                      0                      0                      0                      0                      0 2.5000000000000001e-05                      0                      0                      0                      0
                     0                      0                      0                      0                      0                      0                      0                      0                      0                      0                      0                      0                      0                      0                      0                      0                      0                      0                      0                      0                      0                      0                      0 2.5000000000000001e-05                      0                      0                      0
                     0                      0                      0                      0                      0                      0                      0                      0                      0                      0                      0                      0                      0                      0                      0                      0                      0                      0                      0                      0                      0                      0                      0                      0  0.0025000000000000005                      0                      0
                     0                      0                      0                      0                      0                      0                      0                      0                      0                      0                      0                      0                      0                      0                      0                      0                      0                      0                      0                      0                      0                      0                      0                      0                      0  0.0025000000000000005                      0
                     0                      0                      0                      0                      0                      0                      0                      0                      0                      0                      0                      0                      0                      0                      0                      0                      0                      0                      0                      0                      0                      0                      0                      0                      0                      0  0.0025000000000000005
-----------------------------------
rows=1/75001
rows=10001/75001
rows=20001/75001
rows=30001/75001
rows=40001/75001
rows=50001/75001
rows=60001/75001
rows=70001/75001
COMPLETED rows=75001
